Property for sale in Bristol
Area Guide
£450,000
Voyager Close, Stoke Gifford, ...
£220,995
"Apartment Type 1" at Begbrook ...
£284,995
"The Hanbury " at Goosefoot ...
1 - 25 of 2,229  
10
25
50
100
Most recent
Highest price
Lowest price
Most reduced
Most popular
Filter results
Keywords and filters like garden and parking live here

14
£235,000
1 1 1
1 bed flat for sale Just added
Ashley Court Road, St Andrews, Bristol BS7
A light, bright and spacious one bed top floor flat, with panoramic views over the city.
Montpelier (0.3 miles)
Stapleton Road (0.7 miles)
Listed on 6th Nov 2020 by
CJ Hole Bishopston, BS7
+44 117 444 9753 ** Contact Save Hide
7
£187,500
2 1 1
2 bed flat for sale Just added
The Oaks, Brynland Avenue, Bishopston, Bristol BS7
This purpose built two double bedroom apartment for over 55’s boasts impressive views over Bishopston and towards the city. The well-proportioned home is offered to the market with no onward chain on a 75% shared ownership scheme.
Montpelier (0.6 miles)
Redland (0.7 miles)
Listed on 6th Nov 2020 by
CJ Hole Bishopston, BS7
+44 117 444 9753 ** Contact Save Hide
12
£209,995 Guide price
1 1
Studio for sale Just added
Number One Bristol, Lewins Mead, Bristol BS1
Occupying an enviable, central location is this smartly presented third floor studio apartment, located in the contemporary Number One development brought to the market with no onward chain. With all the desired amenities that the city centre (truncated)
Redland (0.8 miles)
Bristol Temple Meads (0.8 miles)
Listed on 6th Nov 2020 by
CJ Hole Bishopston, BS7
+44 117 444 9753 ** Contact Save Hide
£250,000 Offers over
2
2 bed end terrace house for sale Just added
Barkleys Hill, Stapleton, Bristol BS16
**two bedrooms** end of terrace** en-suite to master bedroom** no onward chain**Ideal first time buy or investment. This modern home is offered for sale with no onward chain. The accommodation includes living room, kitchen, conservatory. (contd...)
Stapleton Road (1.3 miles)
Filton Abbey Wood (1.4 miles)
Listed on 6th Nov 2020 by
Taylors - Fishponds, BS16
+44 117 295 7352 ** Contact Save Hide
£270,000
3 1 1
3 bed semi-detached house for sale Just added
Heathcote Road, Fishponds, Bristol BS16
Suitable to both families and first time buyers alike this is this well presented and spacious three bedroom family home located in Fishponds. (contd...)
Stapleton Road (2.1 miles)
Lawrence Hill (2.2 miles)
Listed on 6th Nov 2020 by
Taylors - Fishponds, BS16
+44 117 295 7352 ** Contact Save Hide
12
£425,000
3 2 1
3 bed maisonette for sale Just added
Shipley House, Passage Road, Westbury-On-Trym, Bristol BS9
Introduced to the market is this modern split level duplex spacious maisonette. The property offers three double bedrooms on the entrance level; master benefiting from walk-in wardrobes and a contemporary ensuite shower room and further (truncated)
Sea Mills (1.8 miles)
Redland (2.0 miles)
Listed on 6th Nov 2020 by
CJ Hole Westbury-On-Trym, BS9
+44 117 444 9727 ** Contact Save Hide
19
£335,995
4
4 bed town house for sale Just added
Salmons Way, Emersons Green, Bristol BS16
A delightful four bedroom mid-terrace townhouse arranged over three floors. Located in a popular location, the versatile accommodation boasts living space which we believe will suit a variety of buyers. The entrance door leads to a welcoming hallway ...
Bristol Parkway (2.7 miles)
Filton Abbey Wood (3.4 miles)
Listed on 6th Nov 2020 by
M Coleman Estate Agents, BS16
+44 117 295 9695 ** Contact Save Hide
18
£220,000
2
2 bed end terrace house for sale Just added
Willis Road, Kingswood, Bristol BS15
No onward chain A well presented two bedroom end-terrace family home situated in a popular location. The accommodation on offer comprises of an entrance hallway which has a door to a w/c, a lounge which has a double glazed window to the front ...
Stapleton Road (3.2 miles)
Lawrence Hill (3.2 miles)
Listed on 6th Nov 2020 by
M Coleman Estate Agents, BS16
+44 117 295 9695 ** Contact Save Hide
New build
13
£210,000
1 1 1
1 bed flat for sale Just added
Parkwall Road, Longwell Green, Bristol BS30
A beautiful new build development comprising of three exclusive flats all with their own entrance and all have their own private outside space and allocated parking space. This flat is the ground floor and is finished to a high standard and has the ...
Keynsham (2.2 miles)
Lawrence Hill (3.4 miles)
Listed on 6th Nov 2020 by
Connells - Longwell Green, BS30
+44 117 295 7430 ** Contact Save Hide
New build
18
£240,000
2 1 1
2 bed flat for sale Just added
Parkwall Road, Longwell Green, Bristol BS30
This top floor flat is light and airy with a spacious living area with a Juliet balcony and fantastic views towards Lansdown, modern kitchen area with integrated appliances, two double bedrooms, modern bathroom and utility cupboard. Parking and ...
Keynsham (2.2 miles)
Lawrence Hill (3.4 miles)
Listed on 6th Nov 2020 by
Connells - Longwell Green, BS30
+44 117 295 7430 ** Contact Save Hide
New build
9
£190,000
1 1 1
1 bed flat for sale Just added
Parkwall Road, Longwell Green, Bristol BS30
A beautiful new build development comprising of three exclusive flats all with their own entrance and all have their own private outside space and allocated parking space. This flat is the ground floor and is finished to a high standard with a modern ...
Keynsham (2.2 miles)
Lawrence Hill (3.4 miles)
Listed on 6th Nov 2020 by
Connells - Longwell Green, BS30
+44 117 295 7430 ** Contact Save Hide
14
£269,950
3 1 2
3 bed semi-detached house for sale Just added
Lower Hanham Road, Hanham, Bristol BS15
Three bedroom semi-detached home! Two receptions! Garage! Well presented! Fantastic size garden! Blue Sky property are proud to offer for sale this fantastic three bedroom home located on Lower Hanham Road in Hanham. The property is ideally located ...
Lawrence Hill (2.2 miles)
Stapleton Road (2.5 miles)
Listed on 6th Nov 2020 by
Blue Sky Property, BS30
+44 117 444 9995 ** Contact Save Hide
29
£325,000
2 2 2
2 bed detached house for sale Just added
North Street, Oldland Common, Bristol BS30
Detached stone cottage! Built in 1789! Original features throughout! 2 double bedrooms! 2 reception rooms! Kitchen & utility room! Front & side gardens! Blue Sky are proud to offer for sale this detached stone cottage built in 1789 located on North ...
Keynsham (2.1 miles)
Lawrence Hill (4.1 miles)
Listed on 6th Nov 2020 by
Blue Sky Property, BS30
+44 117 444 9995 ** Contact Save Hide
15
£290,000 Offers over
2 1 2
2 bed terraced house for sale Just added
Morse Road, Bristol BS5
A beautifully presented and lovingly maintained double bay fronted Victorian home set on this popular road is sure to generate a lot of interest as it is filled with character and features that make it a welcoming home. Comprising inner hallway, bay ...
Lawrence Hill (0.3 miles)
Stapleton Road (0.8 miles)
Listed on 6th Nov 2020 by
House + Co Property, BS5
+44 117 444 9878 ** Contact Save Hide
13
£300,000 Offers over
3 2 3
3 bed detached house for sale Just added
Soundwell Road, Kingswood, Bristol BS15
This three bedroom home has massive potential! Formerly a shop and residential property the two have been combined to make a three bed house, circa 2000sqft! On the ground floor there is a 28ft x 26ft living room, store room with personal (truncated)
Stapleton Road (2.4 miles)
Lawrence Hill (2.4 miles)
Listed on 6th Nov 2020 by
CJ Hole Kingswood, BS15
+44 117 444 9755 ** Contact Save Hide
15
£230,000
2 1 1
2 bed semi-detached house for sale Just added
Tetbury Close, Little Stoke, Bristol BS34
Lovely two bedroom semi detached home! Fantastic sized garden! Driveway for two cars!
Patchway (0.4 miles)
Bristol Parkway (1.4 miles)
Listed on 6th Nov 2020 by
Yopa, WD18
+44 1322 584475 ** Contact Save Hide
13
£210,000 Offers over
2 1 1
2 bed flat for sale Just added
Weavers Mill Close, St. George, Bristol BS5
Beautifully presented second floor apartment set within a popular development in St George, benefitting panoramic views from the balcony, offered with no onward chain.
Lawrence Hill (0.7 miles)
Stapleton Road (1.1 miles)
Listed on 6th Nov 2020 by
CJ Hole Redfield, BS5
+44 117 444 9462 ** Contact Save Hide
1 15
£265,000
3 1 1
3 bed end terrace house for sale Just added
Yew Tree Drive, Kingswood, Bristol BS15
Available to view, watch our video tour first. Offered with no onward chain and situated on this pleasant Road of similar homes is this super 1950`s style end terrace home. The property has been well cared for and extended over the years but would be ...
Stapleton Road (3.1 miles)
Lawrence Hill (3.1 miles)
Listed on 6th Nov 2020 by
Brunt & Fussell, BS16
+44 117 444 9690 ** Contact Save Hide
17
£499,950
3 1 2
3 bed semi-detached house for sale Just added
Cleeve Hill, Bristol BS16
Located on the ever popular Cleeve Hill is this attractive, double bay fronted, 3 bedroom semi-detached home. The property has been maintained to a very high standard by the current owners and is immaculately presented throughout. A Spacious (truncated)
Bristol Parkway (2.3 miles)
Filton Abbey Wood (2.6 miles)
Listed on 6th Nov 2020 by
Andrews - Downend, BS16
+44 117 301 7922 ** Contact Save Hide
25
Premium Listing
£450,000
4 2 3
4 bed semi-detached house for sale Just added
Lower Hanham Road, Hanham, Bristol BS15
Beautifully presented four bedroom semi detached family home! Close to shops! Parking for several cars! Large conservatory!
Lawrence Hill (2.1 miles)
Stapleton Road (2.4 miles)
Listed on 6th Nov 2020 by
Yopa, WD18
+44 1322 584475 ** Contact Save Hide
10
£265,000 Offers over
4 1 2
4 bed terraced house for sale Just added
Atwood Drive, Bristol BS11
Connells are pleased to offer for sale an extremely well presented 4 bedroom Mid-terraced home located in the popular area of Lawrence Western. This property is in fantastic condition throughout and being sold with no chain!
Shirehampton (1.9 miles)
St Andrews Road (1.9 miles)
Listed on 6th Nov 2020 by
Connells - Westbury-On-Trym, BS9
+44 117 301 7254 ** Contact Save Hide
18
£325,000
Property for sale Just added
Beechen Drive, Bristol BS16
A fantastic and spacious three bedroom semi-detached home, with planning permission for a two bedroom detached property to the side. House: Internally the property offers two reception rooms, a substantial separate kitchen and (truncated)
Stapleton Road (2.0 miles)
Lawrence Hill (2.1 miles)
Listed on 6th Nov 2020 by
Andrews - Downend, BS16
+44 117 301 7922 ** Contact Save Hide
13
£290,000
3 1 2
3 bed terraced house for sale Just added
Clarence Avenue, Staple Hill, Bristol BS16
A stone’s throw from the fabulous Page Park can be found this fantastic three bed home on Clarence Avenue offering an array of opportunity for those buyers looking for a home to leave their mark and create the dream home. Conveniently (truncated)
Bristol Parkway (2.8 miles)
Stapleton Road (3.0 miles)
Listed on 6th Nov 2020 by
CJ Hole Downend, BS16
+44 117 444 9752 ** Contact Save Hide
9
£295,000
3 1 2
3 bed semi-detached house for sale Just added
Northcote Road, Downend, Bristol BS16
A fantastic opportunity on Northcote Road, Downend to view this semi detached home offering incredible scope and potential for those wanting a home to leave their mark and make their own. These homes built circa 1950, were sold with the (truncated)
Bristol Parkway (2.8 miles)
Filton Abbey Wood (3.2 miles)
Listed on 6th Nov 2020 by
CJ Hole Downend, BS16
+44 117 444 9752 ** Contact Save Hide
12
£56,000
1 1 1
1 bed flat for sale Just added
Lake Shore Drive, Headley Park, Bristol BS13
Modern one-bedroom fourth floor apartment for shared ownership sale in Bristol. This beautiful home comprises of an entrance hall, shower room with WC, kitchen/reception room & one bedroom. With a balcony area to enjoy with stunning views we can see ...
Parson Street (1.3 miles)
Bedminster (1.8 miles)
Listed on 6th Nov 2020 by
Aster Group, SN10
+44 1380 584002 ** Contact Save Hide
Pages: 1 2 3 4 5 6 7 8 9 10 11 ... 90 Next
Contact relevant estate agents & new homes developers
Send a message to agents and developers matching your search for property for sale in Bristol
Name
Telephone
Email
Message (Optional)
I am looking for property for sale in Bristol. Please let me know about any suitable properties you have. Thanks.
Characters remaining: 500
Get a FREE agent valuation of my property
Send a copy to my email address
Select:
All | Featured | None
0 out of 117 selected
Featured
Connells - Southville, Bristol, BS3
+44 117 301 7256
Featured
Savills - Bristol RDS, BS8
+44 117 444 9281
Featured
Hunters - Bishopsworth, BS13
+44 117 295 0542
Featured
Hunters - Downend, BS16
+44 117 926 9038
Featured
CJ Hole Bishopston, BS7
+44 117 444 9753
Featured
CJ Hole Southville, BS3
+44 117 444 9992
Featured
CJ Hole Westbury-On-Trym, BS9
+44 117 444 9727
Featured
CJ Hole Bradley Stoke, BS32
+44 1454 558950
Featured
House + Co Property, BS5
+44 117 444 9878
Featured
Savills - Clifton, BS8
+44 117 444 9236
Featured
Hollis Morgan - Residential, BS8
+44 117 295 9653
Featured
CJ Hole Downend, BS16
+44 117 444 9752
Featured
CJ Hole - Clifton, BS8
+44 117 295 1714
Featured
Allen & Harris - Clifton, Bristol, BS8
+44 117 301 7257
Featured
Taylors - Kingswood, BS15
+44 117 295 7351
Featured
Allen & Harris - Stoke Gifford, BS34
+44 117 301 7258
Featured
Hunters - Kingswood, BS15
+44 117 295 9982
Featured
Taylors - Bradley Stoke Sales, BS32
+44 1454 437865
Featured
Life-Style Property Services, BS32
+44 1454 279150
Featured
Andrews - Westbury-On-Trym, BS9
+44 117 301 7923
Featured
Harbourside Property Group, BS1
+44 117 444 9893
Featured
M Coleman Estate Agents, BS16
+44 117 295 9695
Featured
Andrews - Harbourside, BS1
+44 117 301 7924
Featured
Hunters - Fishponds, BS16
+44 117 926 9075
Featured
Connells - Kingswood, BS15
+44 117 301 7253
Featured
Andrews - Downend, BS16
+44 117 301 7922
Featured
Connells - Longwell Green, BS30
+44 117 295 7430
Featured
Connells - Filton, BS34
+44 117 301 7252
Featured
Knight Frank - Bristol Sales, BS8
+44 117 444 6295
Featured
Andrews - Longwell Green, BS30
+44 117 301 7270
Featured
NEXA Bristol, BS1
+44 117 444 9411
Featured
Goodman and Lilley, BS11
+44 117 444 9871
Featured
Taylors - Fishponds, BS16
+44 117 295 7352
Featured
Hollis Morgan - Auction, BS8
+44 117 295 7746
Featured
Taylors - Downend Sales, BS16
+44 117 295 7353
Featured
Chappell & Matthews - Bristol Harbourside Sales, BS1
+44 117 295 0151
Featured
CJ Hole Kingswood, BS15
+44 117 444 9755
Featured
Connells - Westbury-On-Trym, BS9
+44 117 301 7254
Featured
Hunters - Longwell Green, BS30
+44 117 295 9673
Featured
Taylors - Brislington, BS4
+44 117 295 7357
Featured
Hunters - Bedminster, BS3
+44 117 295 7488
Featured
Connells - Emersons Green, BS16
+44 117 301 7255
Featured
CJ Hole Henleaze, BS9
+44 117 444 9728
Featured
Hunters - Knowle Bristol, BS4
+44 117 295 9721
Featured
Chappell & Matthews - Bristol Sales, BS8
+44 117 295 7348
Featured
Taylors - Filton, BS7
+44 117 295 7358
Featured
Hamptons International - Bristol Sales, BS8
+44 117 926 9063
Featured
Andrews - Bishopston, BS7
+44 117 295 7370
Featured
Hunters - Whitchurch, BS14
+44 1275 317959
Featured
Andrews - Southville, BS3
+44 117 301 7925
Featured
Express Estate Agency, M2
+44 333 016 5458
Featured
Taylors - Bedminster Sales, BS3
+44 117 295 5789
Featured
Alexander May, BS8
+44 117 295 9730
Featured
Hunters - Easton, BS5
+44 117 295 0545
Featured
I Am The Agent, SE8
+44 20 3463 2607
Featured
Alexander May, BS3
+44 117 444 0775
Featured
Bristol Property Centre, BS6
+44 117 301 7902
Featured
Andrews - Winterbourne, BS36
+44 1454 437825
Featured
Andrews - Clifton, BS8
+44 117 301 7268
Featured
Woods Estate Agents - Portishead, BS20
+44 1275 317958
Featured
MG ESTATE AGENTS LTD, BS14
+44 1275 317380
Featured
Garrett & Co, BS13
+44 117 444 9420
Featured
Pinkmove, NP20
+44 1633 371667
Featured
Knight Frank - Bristol New Homes, BS8
+44 117 295 1894
Featured
Urpad Online Devon, EX3
+44 1392 976538
Featured
Andrews - Keynsham, BS31
+44 117 295 7367
Featured
Streets Ahead Ltd, BS7
+44 117 444 9774
Featured
Crown Estate & Letting Agents, NP16
+44 1291 639039
Featured
Springbok Properties, Nationwide, M12
+44 161 506 9575
Featured
Accommodation Unlimited, BS6
+44 117 444 9792
Featured
Knight Frank - Bath New Homes, BA1
+44 1225 616520
Purplebricks, Head Office, B90
+44 24 7511 8874
Boardwalk Property Co, BS9
+44 117 295 0482
Brunt & Fussell, BS16
+44 117 444 9690
Eveleighs, BS31
+44 117 304 8413
Elephant, BS7
+44 117 295 7249
Blue Sky Property, BS30
+44 117 444 9995
Goodman and Lilley, BS9
+44 117 295 7279
Howard, BS8
+44 117 444 9324
Yopa, WD18
+44 1322 584475
Maggs & Allen, BS9
+44 117 295 4523
Parks Estate Agents, BS5
+44 117 295 9685
Elephant, BS8
+44 117 444 9638
BLP Solutions, SN5
+44 1793 847242
Crest Nicholson - Brooklands Park, BS34
+44 1454 558316
Greenwoods Estate Agents, BS4
+44 117 301 7250
CJ Hole Redfield, BS5
+44 117 444 9462
Doorsteps.co.uk, National, HA3
+44 20 8128 0677
Leese and Nagle Estate Agents Ltd, BS9
+44 117 444 9518
Homewise Ltd, BN11
+44 117 444 9984
Lets Move UK, BS16
+44 117 444 9896
Vistry Partnerships West - Blackberry Hill, BS16
+44 117 444 9553
Strike, CO1
+44 113 482 9379
Wapping Wharf Living, BS1
+44 117 444 9305
Davies & Way, BS31
+44 117 444 9738
Ejs Estate and Management, BS32
+44 117 295 1872
Hollis Morgan, BS8
+44 117 295 5467
Moorfields, BS15
+44 117 295 7417
Linden Homes - Brook Park, BS34
+44 117 444 8040
Redrow - Frenchay Gardens, BS16
+44 117 444 9771
Barratt Homes - Northfields Park, BS34
+44 117 444 9556
Keepmoat Homes - Jessop Park, BS13
+44 117 295 2072
Gregorys, BS31
+44 117 295 7498
British Homesellers, AL3
+44 1727 294874
Oak Estate Agents Ltd, BS15
+44 117 295 0081
Squarefoot Estate Agents, CF5
+44 29 2227 8615
AJ Homes, BS36
+44 1454 437851
Sold.co.uk, W1S
+44 20 8022 6329
Aster Group, SN10
+44 1380 584002
Open House Nationwide, WA2
+44 161 506 9137
Sarah Clark Property Consultants, BS6
+44 117 295 7050
Vesta Property, N3
+44 20 8115 4124
Gregory & Main Estate Agents, BS6
+44 117 295 0014
Carly & Co, BS34
+44 117 444 9379
Agent Online Services, BS32
+44 117 444 9508
Persimmon Homes - The Croft, BS16
+44 1275 604943
Bradley & Co, BS8
+44 117 295 7503
By submitting this form, you accept our Terms of Use and Privacy Policy. When you click 'Send message', we will pass your personal data to the selected estate agents so that those agents can respond to your request for information or to arrange a viewing.
Send message
** Calls to this number will be recorded for quality, compliance and training purposes.
The local area guide to living in Bristol
Bristol is one of the south-west’s most popular cities. Great for shopping, music, and the arts, there’s a real buzz about this city that has so much to offer. With this in mind, it’s no surprise that Bristol is the UK’s eighth most populous city. Catering for students, with its fantastic university and social scene, and families with fantastic educational establishments and amenities, it’s a great place to live. In fact, it was even named as the best city in Britain to live in by The Sunday Times in 2014.
Bristol borders a number of other popular counties such as Somerset and Gloucestershire, which are loved for their rural landscape. Bristol, on the other hand, is known for its heritage and culture, with its harbour being another perk of the city. Its green conscience is another attraction, one which reflects the personalities and nature of the residents. Their actions, alongside local government policies, have lead to Bristol winning the EU’s European Green Capital Award in 2015 and becoming the UK’s most-sustainable city.
Information about the local residents
At of the 2011 census, there was a population of 428,234 in Bristol and 182,747 households. Of the population, 84% are white, while other ethnicities represented are Asian, mixed race and black.
Just over 60% of the population were in employment at the time of the census. While this number may seem low, it’s important to remember that Bristol is a popular university city and attracts young families too. In fact, over 30% of the population were in full-time education and not working at the time of the census. This left just over 4% of the population, who were unemployed, and a similar percentage of retired residents.
Nearby schools
The young population in Bristol is larger than average – partly due to the number of fantastic schools in the area. Some of the best primary schools include Ashley Down Primary School and Brentry Primary School – both of which were rated as ‘outstanding’ in their latest Ofsted reports. The best schools tend to be located in the north west of the city, but all schools here tend to perform well.
Secondary school education is just as good, with a number of fantastic schools including St Mary Redcliffe and Temple School. For those who want to progress to higher education, The University of Bristol is consistently ranked as one of the best in the county, while the University of the West of England offers a wide range of courses too. Bath University is also nearby and again performs well in university league tables.
Getting around
The best way to travel around the busy city is by bus. There are a number of good services running across the city to residential areas, shopping areas, Frenchay hospital, and many schools. Driving is another option, but the roads do tend to get quite busy, although travelling outside of Bristol is made easy with good links to the M4 and M5 motorways.
For travel further afield, there are two well-connected train stations – Bristol Parkway and Bristol Temple Meads. Temple Meads offers a fast and efficient route into London and other popular UK cities and towns. The city also has its own airport, offering a huge number of overseas flights.
Local shops
If you like shopping, you’ll love the huge range of shops to be found in Bristol. The city centre boasts not one, but four shopping areas. The main shopping spot is Cabot Circus, an open-air mall with all your high street shops and department stores. It’s also home to a cinema and range of restaurants. Also sat in the city centre is Broadmead and The Galleries, another indoor shopping centre.
For more unique finds, we recommend Clifton Villages – a Georgian street full of boutiques. Alternatively, if you’re looking for cutting-edge, trendy fashion, head to Park Street. Out-of-town shopping is also available at The Mall at Cribs Causeway, which also boasts free parking.
Whilst every effort has been taken to ensure the above information is up to date, some inaccuracies may occur. If you notice any inaccuracies please contact editor@zoopla.co.uk
All information was correct at time of publication and is provided in good faith.



Create email alert
Save this search
Travel time search
Draw your search
What Zoopla users think of Bristol
Overall rating:
currently 4 stars
Very good - 78% (3500 ratings)

Get your home valued for FREE
It's simple, start here
GO
Currently available for sale in Bristol
All houses for sale in Bristol
2 bedroom houses for sale
3 bedroom houses for sale
4 bedroom houses for sale
All flats for sale in Bristol
1 bedroom flats for sale
2 bedroom flats for sale
3 bedroom flats for sale
All properties for sale in Bristol
1 bedroom properties for sale
2 bedroom properties for sale
3 bedroom properties for sale
4 bedroom properties for sale
All bungalows for sale in Bristol
All studios for sale in Bristol